<DocumentElement>
  <Stammdaten>
    <STAMM_ID>1</STAMM_ID>
    <LÄNGE>5.96</LÄNGE>
    <D_STIRN_mR>335</D_STIRN_mR>
    <D_MITTE_mR>287</D_MITTE_mR>
    <D_ZOPF_mR>239</D_ZOPF_mR>
    <D_STIRN_oR>305</D_STIRN_oR>
    <D_MITTE_oR>257</D_MITTE_oR>
    <D_ZOPF_oR>209</D_ZOPF_oR>
    <ABHOLZIGKEIT>16</ABHOLZIGKEIT>
    <KRÜMMUNG>27</KRÜMMUNG>
    <OVALITÄT>0.9</OVALITÄT>
    <RINDENSTÄRKE>15</RINDENSTÄRKE>
    <STAMMFUßHÖHE>0</STAMMFUßHÖHE>
  </Stammdaten>
  <Stammdaten>
    <STAMM_ID>2</STAMM_ID>
    <LÄNGE>5.97</LÄNGE>
    <D_STIRN_mR>230</D_STIRN_mR>
    <D_MITTE_mR>185</D_MITTE_mR>
    <D_ZOPF_mR>140</D_ZOPF_mR>
    <D_STIRN_oR>210</D_STIRN_oR>
    <D_MITTE_oR>165</D_MITTE_oR>
    <D_ZOPF_oR>120</D_ZOPF_oR>
    <ABHOLZIGKEIT>15</ABHOLZIGKEIT>
    <KRÜMMUNG>25</KRÜMMUNG>
    <OVALITÄT>0.91</OVALITÄT>
    <RINDENSTÄRKE>10</RINDENSTÄRKE>
    <STAMMFUßHÖHE>0</STAMMFUßHÖHE>
  </Stammdaten>
  <Stammdaten>
    <STAMM_ID>3</STAMM_ID>
    <LÄNGE>6.03</LÄNGE>
    <D_STIRN_mR>344</D_STIRN_mR>
    <D_MITTE_mR>296</D_MITTE_mR>
    <D_ZOPF_mR>248</D_ZOPF_mR>
    <D_STIRN_oR>314</D_STIRN_oR>
    <D_MITTE_oR>266</D_MITTE_oR>
    <D_ZOPF_oR>218</D_ZOPF_oR>
    <ABHOLZIGKEIT>16</ABHOLZIGKEIT>
    <KRÜMMUNG>30</KRÜMMUNG>
    <OVALITÄT>0.87</OVALITÄT>
    <RINDENSTÄRKE>15</RINDENSTÄRKE>
    <STAMMFUßHÖHE>0</STAMMFUßHÖHE>
  </Stammdaten>
  <Stammdaten>
    <STAMM_ID>4</STAMM_ID>
    <LÄNGE>5.94</LÄNGE>
    <D_STIRN_mR>284</D_STIRN_mR>
    <D_MITTE_mR>251</D_MITTE_mR>
    <D_ZOPF_mR>218</D_ZOPF_mR>
    <D_STIRN_oR>254</D_STIRN_oR>
    <D_MITTE_oR>221</D_MITTE_oR>
    <D_ZOPF_oR>188</D_ZOPF_oR>
    <ABHOLZIGKEIT>11</ABHOLZIGKEIT>
    <KRÜMMUNG>16</KRÜMMUNG>
    <OVALITÄT>0.88</OVALITÄT>
    <RINDENSTÄRKE>15</RINDENSTÄRKE>
    <STAMMFUßHÖHE>0</STAMMFUßHÖHE>
  </Stammdaten>
  <Stammdaten>
    <STAMM_ID>5</STAMM_ID>
    <LÄNGE>6.02</LÄNGE>
    <D_STIRN_mR>304</D_STIRN_mR>
    <D_MITTE_mR>247</D_MITTE_mR>
    <D_ZOPF_mR>190</D_ZOPF_mR>
    <D_STIRN_oR>274</D_STIRN_oR>
    <D_MITTE_oR>217</D_MITTE_oR>
    <D_ZOPF_oR>160</D_ZOPF_oR>
    <ABHOLZIGKEIT>19</ABHOLZIGKEIT>
    <KRÜMMUNG>11</KRÜMMUNG>
    <OVALITÄT>0.85</OVALITÄT>
    <RINDENSTÄRKE>15</RINDENSTÄRKE>
    <STAMMFUßHÖHE>0</STAMMFUßHÖHE>
  </Stammdaten>
  <Stammdaten>
    <STAMM_ID>6</STAMM_ID>
    <LÄNGE>5.99</LÄNGE>
    <D_STIRN_mR>186</D_STIRN_mR>
    <D_MITTE_mR>102</D_MITTE_mR>
    <D_ZOPF_mR>18</D_ZOPF_mR>
    <D_STIRN_oR>166</D_STIRN_oR>
    <D_MITTE_oR>82</D_MITTE_oR>
    <D_ZOPF_oR>-2</D_ZOPF_oR>
    <ABHOLZIGKEIT>28</ABHOLZIGKEIT>
    <KRÜMMUNG>27</KRÜMMUNG>
    <OVALITÄT>0.99</OVALITÄT>
    <RINDENSTÄRKE>10</RINDENSTÄRKE>
    <STAMMFUßHÖHE>0</STAMMFUßHÖHE>
  </Stammdaten>
  <Stammdaten>
    <STAMM_ID>7</STAMM_ID>
    <LÄNGE>6.06</LÄNGE>
    <D_STIRN_mR>184</D_STIRN_mR>
    <D_MITTE_mR>151</D_MITTE_mR>
    <D_ZOPF_mR>118</D_ZOPF_mR>
    <D_STIRN_oR>164</D_STIRN_oR>
    <D_MITTE_oR>131</D_MITTE_oR>
    <D_ZOPF_oR>98</D_ZOPF_oR>
    <ABHOLZIGKEIT>11</ABHOLZIGKEIT>
    <KRÜMMUNG>32</KRÜMMUNG>
    <OVALITÄT>0.8</OVALITÄT>
    <RINDENSTÄRKE>10</RINDENSTÄRKE>
    <STAMMFUßHÖHE>0</STAMMFUßHÖHE>
  </Stammdaten>
  <Stammdaten>
    <STAMM_ID>8</STAMM_ID>
    <LÄNGE>5.95</LÄNGE>
    <D_STIRN_mR>331</D_STIRN_mR>
    <D_MITTE_mR>289</D_MITTE_mR>
    <D_ZOPF_mR>247</D_ZOPF_mR>
    <D_STIRN_oR>301</D_STIRN_oR>
    <D_MITTE_oR>259</D_MITTE_oR>
    <D_ZOPF_oR>217</D_ZOPF_oR>
    <ABHOLZIGKEIT>14</ABHOLZIGKEIT>
    <KRÜMMUNG>24</KRÜMMUNG>
    <OVALITÄT>0.89</OVALITÄT>
    <RINDENSTÄRKE>15</RINDENSTÄRKE>
    <STAMMFUßHÖHE>0</STAMMFUßHÖHE>
  </Stammdaten>
  <Stammdaten>
    <STAMM_ID>9</STAMM_ID>
    <LÄNGE>6.02</LÄNGE>
    <D_STIRN_mR>267</D_STIRN_mR>
    <D_MITTE_mR>231</D_MITTE_mR>
    <D_ZOPF_mR>195</D_ZOPF_mR>
    <D_STIRN_oR>237</D_STIRN_oR>
    <D_MITTE_oR>201</D_MITTE_oR>
    <D_ZOPF_oR>165</D_ZOPF_oR>
    <ABHOLZIGKEIT>12</ABHOLZIGKEIT>
    <KRÜMMUNG>24</KRÜMMUNG>
    <OVALITÄT>0.91</OVALITÄT>
    <RINDENSTÄRKE>15</RINDENSTÄRKE>
    <STAMMFUßHÖHE>0</STAMMFUßHÖHE>
  </Stammdaten>
  <Stammdaten>
    <STAMM_ID>10</STAMM_ID>
    <LÄNGE>5.94</LÄNGE>
    <D_STIRN_mR>223</D_STIRN_mR>
    <D_MITTE_mR>190</D_MITTE_mR>
    <D_ZOPF_mR>157</D_ZOPF_mR>
    <D_STIRN_oR>203</D_STIRN_oR>
    <D_MITTE_oR>170</D_MITTE_oR>
    <D_ZOPF_oR>137</D_ZOPF_oR>
    <ABHOLZIGKEIT>11</ABHOLZIGKEIT>
    <KRÜMMUNG>31</KRÜMMUNG>
    <OVALITÄT>0.85</OVALITÄT>
    <RINDENSTÄRKE>10</RINDENSTÄRKE>
    <STAMMFUßHÖHE>0</STAMMFUßHÖHE>
  </Stammdaten>
  <Stammdaten>
    <STAMM_ID>11</STAMM_ID>
    <LÄNGE>5.94</LÄNGE>
    <D_STIRN_mR>273</D_STIRN_mR>
    <D_MITTE_mR>231</D_MITTE_mR>
    <D_ZOPF_mR>189</D_ZOPF_mR>
    <D_STIRN_oR>243</D_STIRN_oR>
    <D_MITTE_oR>201</D_MITTE_oR>
    <D_ZOPF_oR>159</D_ZOPF_oR>
    <ABHOLZIGKEIT>14</ABHOLZIGKEIT>
    <KRÜMMUNG>18</KRÜMMUNG>
    <OVALITÄT>0.85</OVALITÄT>
    <RINDENSTÄRKE>15</RINDENSTÄRKE>
    <STAMMFUßHÖHE>0</STAMMFUßHÖHE>
  </Stammdaten>
  <Stammdaten>
    <STAMM_ID>12</STAMM_ID>
    <LÄNGE>5.96</LÄNGE>
    <D_STIRN_mR>262</D_STIRN_mR>
    <D_MITTE_mR>226</D_MITTE_mR>
    <D_ZOPF_mR>190</D_ZOPF_mR>
    <D_STIRN_oR>232</D_STIRN_oR>
    <D_MITTE_oR>196</D_MITTE_oR>
    <D_ZOPF_oR>160</D_ZOPF_oR>
    <ABHOLZIGKEIT>12</ABHOLZIGKEIT>
    <KRÜMMUNG>22</KRÜMMUNG>
    <OVALITÄT>1</OVALITÄT>
    <RINDENSTÄRKE>15</RINDENSTÄRKE>
    <STAMMFUßHÖHE>0</STAMMFUßHÖHE>
  </Stammdaten>
  <Stammdaten>
    <STAMM_ID>13</STAMM_ID>
    <LÄNGE>5.95</LÄNGE>
    <D_STIRN_mR>206</D_STIRN_mR>
    <D_MITTE_mR>144</D_MITTE_mR>
    <D_ZOPF_mR>82</D_ZOPF_mR>
    <D_STIRN_oR>186</D_STIRN_oR>
    <D_MITTE_oR>124</D_MITTE_oR>
    <D_ZOPF_oR>62</D_ZOPF_oR>
    <ABHOLZIGKEIT>21</ABHOLZIGKEIT>
    <KRÜMMUNG>11</KRÜMMUNG>
    <OVALITÄT>0.84</OVALITÄT>
    <RINDENSTÄRKE>10</RINDENSTÄRKE>
    <STAMMFUßHÖHE>0</STAMMFUßHÖHE>
  </Stammdaten>
  <Stammdaten>
    <STAMM_ID>14</STAMM_ID>
    <LÄNGE>6.03</LÄNGE>
    <D_STIRN_mR>258</D_STIRN_mR>
    <D_MITTE_mR>225</D_MITTE_mR>
    <D_ZOPF_mR>192</D_ZOPF_mR>
    <D_STIRN_oR>228</D_STIRN_oR>
    <D_MITTE_oR>195</D_MITTE_oR>
    <D_ZOPF_oR>162</D_ZOPF_oR>
    <ABHOLZIGKEIT>11</ABHOLZIGKEIT>
    <KRÜMMUNG>25</KRÜMMUNG>
    <OVALITÄT>0.83</OVALITÄT>
    <RINDENSTÄRKE>15</RINDENSTÄRKE>
    <STAMMFUßHÖHE>0</STAMMFUßHÖHE>
  </Stammdaten>
  <Stammdaten>
    <STAMM_ID>15</STAMM_ID>
    <LÄNGE>6.05</LÄNGE>
    <D_STIRN_mR>288</D_STIRN_mR>
    <D_MITTE_mR>234</D_MITTE_mR>
    <D_ZOPF_mR>180</D_ZOPF_mR>
    <D_STIRN_oR>258</D_STIRN_oR>
    <D_MITTE_oR>204</D_MITTE_oR>
    <D_ZOPF_oR>150</D_ZOPF_oR>
    <ABHOLZIGKEIT>18</ABHOLZIGKEIT>
    <KRÜMMUNG>27</KRÜMMUNG>
    <OVALITÄT>0.99</OVALITÄT>
    <RINDENSTÄRKE>15</RINDENSTÄRKE>
    <STAMMFUßHÖHE>0</STAMMFUßHÖHE>
  </Stammdaten>
  <Stammdaten>
    <STAMM_ID>16</STAMM_ID>
    <LÄNGE>6.01</LÄNGE>
    <D_STIRN_mR>170</D_STIRN_mR>
    <D_MITTE_mR>137</D_MITTE_mR>
    <D_ZOPF_mR>104</D_ZOPF_mR>
    <D_STIRN_oR>150</D_STIRN_oR>
    <D_MITTE_oR>117</D_MITTE_oR>
    <D_ZOPF_oR>84</D_ZOPF_oR>
    <ABHOLZIGKEIT>11</ABHOLZIGKEIT>
    <KRÜMMUNG>11</KRÜMMUNG>
    <OVALITÄT>0.9</OVALITÄT>
    <RINDENSTÄRKE>10</RINDENSTÄRKE>
    <STAMMFUßHÖHE>0</STAMMFUßHÖHE>
  </Stammdaten>
  <Stammdaten>
    <STAMM_ID>17</STAMM_ID>
    <LÄNGE>5.97</LÄNGE>
    <D_STIRN_mR>165</D_STIRN_mR>
    <D_MITTE_mR>132</D_MITTE_mR>
    <D_ZOPF_mR>99</D_ZOPF_mR>
    <D_STIRN_oR>145</D_STIRN_oR>
    <D_MITTE_oR>112</D_MITTE_oR>
    <D_ZOPF_oR>79</D_ZOPF_oR>
    <ABHOLZIGKEIT>11</ABHOLZIGKEIT>
    <KRÜMMUNG>12</KRÜMMUNG>
    <OVALITÄT>0.93</OVALITÄT>
    <RINDENSTÄRKE>10</RINDENSTÄRKE>
    <STAMMFUßHÖHE>0</STAMMFUßHÖHE>
  </Stammdaten>
  <Stammdaten>
    <STAMM_ID>18</STAMM_ID>
    <LÄNGE>6.06</LÄNGE>
    <D_STIRN_mR>168</D_STIRN_mR>
    <D_MITTE_mR>110</D_MITTE_mR>
    <D_ZOPF_mR>52</D_ZOPF_mR>
    <D_STIRN_oR>148</D_STIRN_oR>
    <D_MITTE_oR>90</D_MITTE_oR>
    <D_ZOPF_oR>32</D_ZOPF_oR>
    <ABHOLZIGKEIT>19</ABHOLZIGKEIT>
    <KRÜMMUNG>11</KRÜMMUNG>
    <OVALITÄT>1</OVALITÄT>
    <RINDENSTÄRKE>10</RINDENSTÄRKE>
    <STAMMFUßHÖHE>0</STAMMFUßHÖHE>
  </Stammdaten>
  <Stammdaten>
    <STAMM_ID>19</STAMM_ID>
    <LÄNGE>6.03</LÄNGE>
    <D_STIRN_mR>241</D_STIRN_mR>
    <D_MITTE_mR>187</D_MITTE_mR>
    <D_ZOPF_mR>133</D_ZOPF_mR>
    <D_STIRN_oR>221</D_STIRN_oR>
    <D_MITTE_oR>167</D_MITTE_oR>
    <D_ZOPF_oR>113</D_ZOPF_oR>
    <ABHOLZIGKEIT>18</ABHOLZIGKEIT>
    <KRÜMMUNG>31</KRÜMMUNG>
    <OVALITÄT>0.82</OVALITÄT>
    <RINDENSTÄRKE>10</RINDENSTÄRKE>
    <STAMMFUßHÖHE>0</STAMMFUßHÖHE>
  </Stammdaten>
  <Stammdaten>
    <STAMM_ID>20</STAMM_ID>
    <LÄNGE>6</LÄNGE>
    <D_STIRN_mR>219</D_STIRN_mR>
    <D_MITTE_mR>144</D_MITTE_mR>
    <D_ZOPF_mR>69</D_ZOPF_mR>
    <D_STIRN_oR>199</D_STIRN_oR>
    <D_MITTE_oR>124</D_MITTE_oR>
    <D_ZOPF_oR>49</D_ZOPF_oR>
    <ABHOLZIGKEIT>25</ABHOLZIGKEIT>
    <KRÜMMUNG>25</KRÜMMUNG>
    <OVALITÄT>0.92</OVALITÄT>
    <RINDENSTÄRKE>10</RINDENSTÄRKE>
    <STAMMFUßHÖHE>0</STAMMFUßHÖHE>
  </Stammdaten>
  <Stammdaten>
    <STAMM_ID>21</STAMM_ID>
    <LÄNGE>6.02</LÄNGE>
    <D_STIRN_mR>189</D_STIRN_mR>
    <D_MITTE_mR>153</D_MITTE_mR>
    <D_ZOPF_mR>117</D_ZOPF_mR>
    <D_STIRN_oR>169</D_STIRN_oR>
    <D_MITTE_oR>133</D_MITTE_oR>
    <D_ZOPF_oR>97</D_ZOPF_oR>
    <ABHOLZIGKEIT>12</ABHOLZIGKEIT>
    <KRÜMMUNG>18</KRÜMMUNG>
    <OVALITÄT>1</OVALITÄT>
    <RINDENSTÄRKE>10</RINDENSTÄRKE>
    <STAMMFUßHÖHE>0</STAMMFUßHÖHE>
  </Stammdaten>
  <Stammdaten>
    <STAMM_ID>22</STAMM_ID>
    <LÄNGE>5.96</LÄNGE>
    <D_STIRN_mR>343</D_STIRN_mR>
    <D_MITTE_mR>274</D_MITTE_mR>
    <D_ZOPF_mR>205</D_ZOPF_mR>
    <D_STIRN_oR>313</D_STIRN_oR>
    <D_MITTE_oR>244</D_MITTE_oR>
    <D_ZOPF_oR>175</D_ZOPF_oR>
    <ABHOLZIGKEIT>23</ABHOLZIGKEIT>
    <KRÜMMUNG>21</KRÜMMUNG>
    <OVALITÄT>0.83</OVALITÄT>
    <RINDENSTÄRKE>15</RINDENSTÄRKE>
    <STAMMFUßHÖHE>0</STAMMFUßHÖHE>
  </Stammdaten>
  <Stammdaten>
    <STAMM_ID>23</STAMM_ID>
    <LÄNGE>6.06</LÄNGE>
    <D_STIRN_mR>192</D_STIRN_mR>
    <D_MITTE_mR>156</D_MITTE_mR>
    <D_ZOPF_mR>120</D_ZOPF_mR>
    <D_STIRN_oR>172</D_STIRN_oR>
    <D_MITTE_oR>136</D_MITTE_oR>
    <D_ZOPF_oR>100</D_ZOPF_oR>
    <ABHOLZIGKEIT>12</ABHOLZIGKEIT>
    <KRÜMMUNG>10</KRÜMMUNG>
    <OVALITÄT>0.87</OVALITÄT>
    <RINDENSTÄRKE>10</RINDENSTÄRKE>
    <STAMMFUßHÖHE>0</STAMMFUßHÖHE>
  </Stammdaten>
  <Stammdaten>
    <STAMM_ID>24</STAMM_ID>
    <LÄNGE>5.99</LÄNGE>
    <D_STIRN_mR>322</D_STIRN_mR>
    <D_MITTE_mR>238</D_MITTE_mR>
    <D_ZOPF_mR>154</D_ZOPF_mR>
    <D_STIRN_oR>292</D_STIRN_oR>
    <D_MITTE_oR>208</D_MITTE_oR>
    <D_ZOPF_oR>124</D_ZOPF_oR>
    <ABHOLZIGKEIT>28</ABHOLZIGKEIT>
    <KRÜMMUNG>12</KRÜMMUNG>
    <OVALITÄT>0.99</OVALITÄT>
    <RINDENSTÄRKE>15</RINDENSTÄRKE>
    <STAMMFUßHÖHE>0</STAMMFUßHÖHE>
  </Stammdaten>
  <Stammdaten>
    <STAMM_ID>25</STAMM_ID>
    <LÄNGE>6.02</LÄNGE>
    <D_STIRN_mR>208</D_STIRN_mR>
    <D_MITTE_mR>160</D_MITTE_mR>
    <D_ZOPF_mR>112</D_ZOPF_mR>
    <D_STIRN_oR>188</D_STIRN_oR>
    <D_MITTE_oR>140</D_MITTE_oR>
    <D_ZOPF_oR>92</D_ZOPF_oR>
    <ABHOLZIGKEIT>16</ABHOLZIGKEIT>
    <KRÜMMUNG>28</KRÜMMUNG>
    <OVALITÄT>0.85</OVALITÄT>
    <RINDENSTÄRKE>10</RINDENSTÄRKE>
    <STAMMFUßHÖHE>0</STAMMFUßHÖHE>
  </Stammdaten>
  <Stammdaten>
    <STAMM_ID>26</STAMM_ID>
    <LÄNGE>6.02</LÄNGE>
    <D_STIRN_mR>185</D_STIRN_mR>
    <D_MITTE_mR>146</D_MITTE_mR>
    <D_ZOPF_mR>107</D_ZOPF_mR>
    <D_STIRN_oR>165</D_STIRN_oR>
    <D_MITTE_oR>126</D_MITTE_oR>
    <D_ZOPF_oR>87</D_ZOPF_oR>
    <ABHOLZIGKEIT>13</ABHOLZIGKEIT>
    <KRÜMMUNG>21</KRÜMMUNG>
    <OVALITÄT>0.84</OVALITÄT>
    <RINDENSTÄRKE>10</RINDENSTÄRKE>
    <STAMMFUßHÖHE>0</STAMMFUßHÖHE>
  </Stammdaten>
  <Stammdaten>
    <STAMM_ID>27</STAMM_ID>
    <LÄNGE>6.02</LÄNGE>
    <D_STIRN_mR>143</D_STIRN_mR>
    <D_MITTE_mR>101</D_MITTE_mR>
    <D_ZOPF_mR>59</D_ZOPF_mR>
    <D_STIRN_oR>123</D_STIRN_oR>
    <D_MITTE_oR>81</D_MITTE_oR>
    <D_ZOPF_oR>39</D_ZOPF_oR>
    <ABHOLZIGKEIT>14</ABHOLZIGKEIT>
    <KRÜMMUNG>23</KRÜMMUNG>
    <OVALITÄT>0.8</OVALITÄT>
    <RINDENSTÄRKE>10</RINDENSTÄRKE>
    <STAMMFUßHÖHE>0</STAMMFUßHÖHE>
  </Stammdaten>
  <Stammdaten>
    <STAMM_ID>28</STAMM_ID>
    <LÄNGE>5.98</LÄNGE>
    <D_STIRN_mR>212</D_STIRN_mR>
    <D_MITTE_mR>176</D_MITTE_mR>
    <D_ZOPF_mR>140</D_ZOPF_mR>
    <D_STIRN_oR>192</D_STIRN_oR>
    <D_MITTE_oR>156</D_MITTE_oR>
    <D_ZOPF_oR>120</D_ZOPF_oR>
    <ABHOLZIGKEIT>12</ABHOLZIGKEIT>
    <KRÜMMUNG>24</KRÜMMUNG>
    <OVALITÄT>0.83</OVALITÄT>
    <RINDENSTÄRKE>10</RINDENSTÄRKE>
    <STAMMFUßHÖHE>0</STAMMFUßHÖHE>
  </Stammdaten>
  <Stammdaten>
    <STAMM_ID>29</STAMM_ID>
    <LÄNGE>6.03</LÄNGE>
    <D_STIRN_mR>161</D_STIRN_mR>
    <D_MITTE_mR>128</D_MITTE_mR>
    <D_ZOPF_mR>95</D_ZOPF_mR>
    <D_STIRN_oR>141</D_STIRN_oR>
    <D_MITTE_oR>108</D_MITTE_oR>
    <D_ZOPF_oR>75</D_ZOPF_oR>
    <ABHOLZIGKEIT>11</ABHOLZIGKEIT>
    <KRÜMMUNG>10</KRÜMMUNG>
    <OVALITÄT>0.99</OVALITÄT>
    <RINDENSTÄRKE>10</RINDENSTÄRKE>
    <STAMMFUßHÖHE>0</STAMMFUßHÖHE>
  </Stammdaten>
  <Stammdaten>
    <STAMM_ID>30</STAMM_ID>
    <LÄNGE>5.99</LÄNGE>
    <D_STIRN_mR>196</D_STIRN_mR>
    <D_MITTE_mR>154</D_MITTE_mR>
    <D_ZOPF_mR>112</D_ZOPF_mR>
    <D_STIRN_oR>176</D_STIRN_oR>
    <D_MITTE_oR>134</D_MITTE_oR>
    <D_ZOPF_oR>92</D_ZOPF_oR>
    <ABHOLZIGKEIT>14</ABHOLZIGKEIT>
    <KRÜMMUNG>26</KRÜMMUNG>
    <OVALITÄT>0.88</OVALITÄT>
    <RINDENSTÄRKE>10</RINDENSTÄRKE>
    <STAMMFUßHÖHE>0</STAMMFUßHÖHE>
  </Stammdaten>
  <Stammdaten>
    <STAMM_ID>31</STAMM_ID>
    <LÄNGE>5.98</LÄNGE>
    <D_STIRN_mR>223</D_STIRN_mR>
    <D_MITTE_mR>172</D_MITTE_mR>
    <D_ZOPF_mR>121</D_ZOPF_mR>
    <D_STIRN_oR>203</D_STIRN_oR>
    <D_MITTE_oR>152</D_MITTE_oR>
    <D_ZOPF_oR>101</D_ZOPF_oR>
    <ABHOLZIGKEIT>17</ABHOLZIGKEIT>
    <KRÜMMUNG>18</KRÜMMUNG>
    <OVALITÄT>0.88</OVALITÄT>
    <RINDENSTÄRKE>10</RINDENSTÄRKE>
    <STAMMFUßHÖHE>0</STAMMFUßHÖHE>
  </Stammdaten>
  <Stammdaten>
    <STAMM_ID>32</STAMM_ID>
    <LÄNGE>6.04</LÄNGE>
    <D_STIRN_mR>320</D_STIRN_mR>
    <D_MITTE_mR>244</D_MITTE_mR>
    <D_ZOPF_mR>168</D_ZOPF_mR>
    <D_STIRN_oR>290</D_STIRN_oR>
    <D_MITTE_oR>214</D_MITTE_oR>
    <D_ZOPF_oR>138</D_ZOPF_oR>
    <ABHOLZIGKEIT>25</ABHOLZIGKEIT>
    <KRÜMMUNG>28</KRÜMMUNG>
    <OVALITÄT>0.97</OVALITÄT>
    <RINDENSTÄRKE>15</RINDENSTÄRKE>
    <STAMMFUßHÖHE>0</STAMMFUßHÖHE>
  </Stammdaten>
  <Stammdaten>
    <STAMM_ID>33</STAMM_ID>
    <LÄNGE>5.99</LÄNGE>
    <D_STIRN_mR>217</D_STIRN_mR>
    <D_MITTE_mR>133</D_MITTE_mR>
    <D_ZOPF_mR>49</D_ZOPF_mR>
    <D_STIRN_oR>197</D_STIRN_oR>
    <D_MITTE_oR>113</D_MITTE_oR>
    <D_ZOPF_oR>29</D_ZOPF_oR>
    <ABHOLZIGKEIT>28</ABHOLZIGKEIT>
    <KRÜMMUNG>15</KRÜMMUNG>
    <OVALITÄT>0.91</OVALITÄT>
    <RINDENSTÄRKE>10</RINDENSTÄRKE>
    <STAMMFUßHÖHE>0</STAMMFUßHÖHE>
  </Stammdaten>
  <Stammdaten>
    <STAMM_ID>34</STAMM_ID>
    <LÄNGE>5.95</LÄNGE>
    <D_STIRN_mR>191</D_STIRN_mR>
    <D_MITTE_mR>140</D_MITTE_mR>
    <D_ZOPF_mR>89</D_ZOPF_mR>
    <D_STIRN_oR>171</D_STIRN_oR>
    <D_MITTE_oR>120</D_MITTE_oR>
    <D_ZOPF_oR>69</D_ZOPF_oR>
    <ABHOLZIGKEIT>17</ABHOLZIGKEIT>
    <KRÜMMUNG>10</KRÜMMUNG>
    <OVALITÄT>0.92</OVALITÄT>
    <RINDENSTÄRKE>10</RINDENSTÄRKE>
    <STAMMFUßHÖHE>0</STAMMFUßHÖHE>
  </Stammdaten>
  <Stammdaten>
    <STAMM_ID>35</STAMM_ID>
    <LÄNGE>6.04</LÄNGE>
    <D_STIRN_mR>195</D_STIRN_mR>
    <D_MITTE_mR>162</D_MITTE_mR>
    <D_ZOPF_mR>129</D_ZOPF_mR>
    <D_STIRN_oR>175</D_STIRN_oR>
    <D_MITTE_oR>142</D_MITTE_oR>
    <D_ZOPF_oR>109</D_ZOPF_oR>
    <ABHOLZIGKEIT>11</ABHOLZIGKEIT>
    <KRÜMMUNG>19</KRÜMMUNG>
    <OVALITÄT>0.84</OVALITÄT>
    <RINDENSTÄRKE>10</RINDENSTÄRKE>
    <STAMMFUßHÖHE>0</STAMMFUßHÖHE>
  </Stammdaten>
  <Stammdaten>
    <STAMM_ID>36</STAMM_ID>
    <LÄNGE>5.95</LÄNGE>
    <D_STIRN_mR>200</D_STIRN_mR>
    <D_MITTE_mR>138</D_MITTE_mR>
    <D_ZOPF_mR>76</D_ZOPF_mR>
    <D_STIRN_oR>180</D_STIRN_oR>
    <D_MITTE_oR>118</D_MITTE_oR>
    <D_ZOPF_oR>56</D_ZOPF_oR>
    <ABHOLZIGKEIT>21</ABHOLZIGKEIT>
    <KRÜMMUNG>28</KRÜMMUNG>
    <OVALITÄT>0.83</OVALITÄT>
    <RINDENSTÄRKE>10</RINDENSTÄRKE>
    <STAMMFUßHÖHE>0</STAMMFUßHÖHE>
  </Stammdaten>
  <Stammdaten>
    <STAMM_ID>37</STAMM_ID>
    <LÄNGE>5.99</LÄNGE>
    <D_STIRN_mR>288</D_STIRN_mR>
    <D_MITTE_mR>258</D_MITTE_mR>
    <D_ZOPF_mR>228</D_ZOPF_mR>
    <D_STIRN_oR>258</D_STIRN_oR>
    <D_MITTE_oR>228</D_MITTE_oR>
    <D_ZOPF_oR>198</D_ZOPF_oR>
    <ABHOLZIGKEIT>10</ABHOLZIGKEIT>
    <KRÜMMUNG>14</KRÜMMUNG>
    <OVALITÄT>1</OVALITÄT>
    <RINDENSTÄRKE>15</RINDENSTÄRKE>
    <STAMMFUßHÖHE>0</STAMMFUßHÖHE>
  </Stammdaten>
  <Stammdaten>
    <STAMM_ID>38</STAMM_ID>
    <LÄNGE>6.05</LÄNGE>
    <D_STIRN_mR>204</D_STIRN_mR>
    <D_MITTE_mR>159</D_MITTE_mR>
    <D_ZOPF_mR>114</D_ZOPF_mR>
    <D_STIRN_oR>184</D_STIRN_oR>
    <D_MITTE_oR>139</D_MITTE_oR>
    <D_ZOPF_oR>94</D_ZOPF_oR>
    <ABHOLZIGKEIT>15</ABHOLZIGKEIT>
    <KRÜMMUNG>29</KRÜMMUNG>
    <OVALITÄT>0.82</OVALITÄT>
    <RINDENSTÄRKE>10</RINDENSTÄRKE>
    <STAMMFUßHÖHE>0</STAMMFUßHÖHE>
  </Stammdaten>
  <Stammdaten>
    <STAMM_ID>39</STAMM_ID>
    <LÄNGE>6.01</LÄNGE>
    <D_STIRN_mR>267</D_STIRN_mR>
    <D_MITTE_mR>183</D_MITTE_mR>
    <D_ZOPF_mR>99</D_ZOPF_mR>
    <D_STIRN_oR>247</D_STIRN_oR>
    <D_MITTE_oR>163</D_MITTE_oR>
    <D_ZOPF_oR>79</D_ZOPF_oR>
    <ABHOLZIGKEIT>28</ABHOLZIGKEIT>
    <KRÜMMUNG>11</KRÜMMUNG>
    <OVALITÄT>0.95</OVALITÄT>
    <RINDENSTÄRKE>10</RINDENSTÄRKE>
    <STAMMFUßHÖHE>0</STAMMFUßHÖHE>
  </Stammdaten>
  <Stammdaten>
    <STAMM_ID>40</STAMM_ID>
    <LÄNGE>6.03</LÄNGE>
    <D_STIRN_mR>342</D_STIRN_mR>
    <D_MITTE_mR>288</D_MITTE_mR>
    <D_ZOPF_mR>234</D_ZOPF_mR>
    <D_STIRN_oR>312</D_STIRN_oR>
    <D_MITTE_oR>258</D_MITTE_oR>
    <D_ZOPF_oR>204</D_ZOPF_oR>
    <ABHOLZIGKEIT>18</ABHOLZIGKEIT>
    <KRÜMMUNG>19</KRÜMMUNG>
    <OVALITÄT>0.87</OVALITÄT>
    <RINDENSTÄRKE>15</RINDENSTÄRKE>
    <STAMMFUßHÖHE>0</STAMMFUßHÖHE>
  </Stammdaten>
  <Stammdaten>
    <STAMM_ID>41</STAMM_ID>
    <LÄNGE>5.96</LÄNGE>
    <D_STIRN_mR>197</D_STIRN_mR>
    <D_MITTE_mR>117</D_MITTE_mR>
    <D_ZOPF_mR>37</D_ZOPF_mR>
    <D_STIRN_oR>177</D_STIRN_oR>
    <D_MITTE_oR>97</D_MITTE_oR>
    <D_ZOPF_oR>17</D_ZOPF_oR>
    <ABHOLZIGKEIT>27</ABHOLZIGKEIT>
    <KRÜMMUNG>31</KRÜMMUNG>
    <OVALITÄT>0.89</OVALITÄT>
    <RINDENSTÄRKE>10</RINDENSTÄRKE>
    <STAMMFUßHÖHE>0</STAMMFUßHÖHE>
  </Stammdaten>
  <Stammdaten>
    <STAMM_ID>42</STAMM_ID>
    <LÄNGE>6</LÄNGE>
    <D_STIRN_mR>153</D_STIRN_mR>
    <D_MITTE_mR>102</D_MITTE_mR>
    <D_ZOPF_mR>51</D_ZOPF_mR>
    <D_STIRN_oR>133</D_STIRN_oR>
    <D_MITTE_oR>82</D_MITTE_oR>
    <D_ZOPF_oR>31</D_ZOPF_oR>
    <ABHOLZIGKEIT>17</ABHOLZIGKEIT>
    <KRÜMMUNG>31</KRÜMMUNG>
    <OVALITÄT>0.86</OVALITÄT>
    <RINDENSTÄRKE>10</RINDENSTÄRKE>
    <STAMMFUßHÖHE>0</STAMMFUßHÖHE>
  </Stammdaten>
  <Stammdaten>
    <STAMM_ID>43</STAMM_ID>
    <LÄNGE>5.97</LÄNGE>
    <D_STIRN_mR>193</D_STIRN_mR>
    <D_MITTE_mR>154</D_MITTE_mR>
    <D_ZOPF_mR>115</D_ZOPF_mR>
    <D_STIRN_oR>173</D_STIRN_oR>
    <D_MITTE_oR>134</D_MITTE_oR>
    <D_ZOPF_oR>95</D_ZOPF_oR>
    <ABHOLZIGKEIT>13</ABHOLZIGKEIT>
    <KRÜMMUNG>15</KRÜMMUNG>
    <OVALITÄT>0.95</OVALITÄT>
    <RINDENSTÄRKE>10</RINDENSTÄRKE>
    <STAMMFUßHÖHE>0</STAMMFUßHÖHE>
  </Stammdaten>
  <Stammdaten>
    <STAMM_ID>44</STAMM_ID>
    <LÄNGE>5.99</LÄNGE>
    <D_STIRN_mR>342</D_STIRN_mR>
    <D_MITTE_mR>261</D_MITTE_mR>
    <D_ZOPF_mR>180</D_ZOPF_mR>
    <D_STIRN_oR>312</D_STIRN_oR>
    <D_MITTE_oR>231</D_MITTE_oR>
    <D_ZOPF_oR>150</D_ZOPF_oR>
    <ABHOLZIGKEIT>27</ABHOLZIGKEIT>
    <KRÜMMUNG>19</KRÜMMUNG>
    <OVALITÄT>1</OVALITÄT>
    <RINDENSTÄRKE>15</RINDENSTÄRKE>
    <STAMMFUßHÖHE>0</STAMMFUßHÖHE>
  </Stammdaten>
  <Stammdaten>
    <STAMM_ID>45</STAMM_ID>
    <LÄNGE>5.96</LÄNGE>
    <D_STIRN_mR>163</D_STIRN_mR>
    <D_MITTE_mR>124</D_MITTE_mR>
    <D_ZOPF_mR>85</D_ZOPF_mR>
    <D_STIRN_oR>143</D_STIRN_oR>
    <D_MITTE_oR>104</D_MITTE_oR>
    <D_ZOPF_oR>65</D_ZOPF_oR>
    <ABHOLZIGKEIT>13</ABHOLZIGKEIT>
    <KRÜMMUNG>25</KRÜMMUNG>
    <OVALITÄT>0.98</OVALITÄT>
    <RINDENSTÄRKE>10</RINDENSTÄRKE>
    <STAMMFUßHÖHE>0</STAMMFUßHÖHE>
  </Stammdaten>
  <Stammdaten>
    <STAMM_ID>46</STAMM_ID>
    <LÄNGE>5.99</LÄNGE>
    <D_STIRN_mR>192</D_STIRN_mR>
    <D_MITTE_mR>153</D_MITTE_mR>
    <D_ZOPF_mR>114</D_ZOPF_mR>
    <D_STIRN_oR>172</D_STIRN_oR>
    <D_MITTE_oR>133</D_MITTE_oR>
    <D_ZOPF_oR>94</D_ZOPF_oR>
    <ABHOLZIGKEIT>13</ABHOLZIGKEIT>
    <KRÜMMUNG>16</KRÜMMUNG>
    <OVALITÄT>0.83</OVALITÄT>
    <RINDENSTÄRKE>10</RINDENSTÄRKE>
    <STAMMFUßHÖHE>0</STAMMFUßHÖHE>
  </Stammdaten>
  <Stammdaten>
    <STAMM_ID>47</STAMM_ID>
    <LÄNGE>6.01</LÄNGE>
    <D_STIRN_mR>215</D_STIRN_mR>
    <D_MITTE_mR>182</D_MITTE_mR>
    <D_ZOPF_mR>149</D_ZOPF_mR>
    <D_STIRN_oR>195</D_STIRN_oR>
    <D_MITTE_oR>162</D_MITTE_oR>
    <D_ZOPF_oR>129</D_ZOPF_oR>
    <ABHOLZIGKEIT>11</ABHOLZIGKEIT>
    <KRÜMMUNG>15</KRÜMMUNG>
    <OVALITÄT>0.92</OVALITÄT>
    <RINDENSTÄRKE>10</RINDENSTÄRKE>
    <STAMMFUßHÖHE>0</STAMMFUßHÖHE>
  </Stammdaten>
  <Stammdaten>
    <STAMM_ID>48</STAMM_ID>
    <LÄNGE>5.95</LÄNGE>
    <D_STIRN_mR>258</D_STIRN_mR>
    <D_MITTE_mR>199</D_MITTE_mR>
    <D_ZOPF_mR>140</D_ZOPF_mR>
    <D_STIRN_oR>238</D_STIRN_oR>
    <D_MITTE_oR>179</D_MITTE_oR>
    <D_ZOPF_oR>120</D_ZOPF_oR>
    <ABHOLZIGKEIT>20</ABHOLZIGKEIT>
    <KRÜMMUNG>32</KRÜMMUNG>
    <OVALITÄT>0.83</OVALITÄT>
    <RINDENSTÄRKE>10</RINDENSTÄRKE>
    <STAMMFUßHÖHE>0</STAMMFUßHÖHE>
  </Stammdaten>
  <Stammdaten>
    <STAMM_ID>49</STAMM_ID>
    <LÄNGE>6.04</LÄNGE>
    <D_STIRN_mR>144</D_STIRN_mR>
    <D_MITTE_mR>108</D_MITTE_mR>
    <D_ZOPF_mR>72</D_ZOPF_mR>
    <D_STIRN_oR>124</D_STIRN_oR>
    <D_MITTE_oR>88</D_MITTE_oR>
    <D_ZOPF_oR>52</D_ZOPF_oR>
    <ABHOLZIGKEIT>12</ABHOLZIGKEIT>
    <KRÜMMUNG>32</KRÜMMUNG>
    <OVALITÄT>0.86</OVALITÄT>
    <RINDENSTÄRKE>10</RINDENSTÄRKE>
    <STAMMFUßHÖHE>0</STAMMFUßHÖHE>
  </Stammdaten>
  <Stammdaten>
    <STAMM_ID>50</STAMM_ID>
    <LÄNGE>5.99</LÄNGE>
    <D_STIRN_mR>290</D_STIRN_mR>
    <D_MITTE_mR>230</D_MITTE_mR>
    <D_ZOPF_mR>170</D_ZOPF_mR>
    <D_STIRN_oR>260</D_STIRN_oR>
    <D_MITTE_oR>200</D_MITTE_oR>
    <D_ZOPF_oR>140</D_ZOPF_oR>
    <ABHOLZIGKEIT>20</ABHOLZIGKEIT>
    <KRÜMMUNG>14</KRÜMMUNG>
    <OVALITÄT>0.98</OVALITÄT>
    <RINDENSTÄRKE>15</RINDENSTÄRKE>
    <STAMMFUßHÖHE>0</STAMMFUßHÖHE>
  </Stammdaten>
  <Stammdaten>
    <STAMM_ID>51</STAMM_ID>
    <LÄNGE>6.01</LÄNGE>
    <D_STIRN_mR>162</D_STIRN_mR>
    <D_MITTE_mR>108</D_MITTE_mR>
    <D_ZOPF_mR>54</D_ZOPF_mR>
    <D_STIRN_oR>142</D_STIRN_oR>
    <D_MITTE_oR>88</D_MITTE_oR>
    <D_ZOPF_oR>34</D_ZOPF_oR>
    <ABHOLZIGKEIT>18</ABHOLZIGKEIT>
    <KRÜMMUNG>21</KRÜMMUNG>
    <OVALITÄT>0.8</OVALITÄT>
    <RINDENSTÄRKE>10</RINDENSTÄRKE>
    <STAMMFUßHÖHE>0</STAMMFUßHÖHE>
  </Stammdaten>
  <Stammdaten>
    <STAMM_ID>52</STAMM_ID>
    <LÄNGE>5.99</LÄNGE>
    <D_STIRN_mR>351</D_STIRN_mR>
    <D_MITTE_mR>288</D_MITTE_mR>
    <D_ZOPF_mR>225</D_ZOPF_mR>
    <D_STIRN_oR>321</D_STIRN_oR>
    <D_MITTE_oR>258</D_MITTE_oR>
    <D_ZOPF_oR>195</D_ZOPF_oR>
    <ABHOLZIGKEIT>21</ABHOLZIGKEIT>
    <KRÜMMUNG>12</KRÜMMUNG>
    <OVALITÄT>0.95</OVALITÄT>
    <RINDENSTÄRKE>15</RINDENSTÄRKE>
    <STAMMFUßHÖHE>0</STAMMFUßHÖHE>
  </Stammdaten>
  <Stammdaten>
    <STAMM_ID>53</STAMM_ID>
    <LÄNGE>5.99</LÄNGE>
    <D_STIRN_mR>256</D_STIRN_mR>
    <D_MITTE_mR>211</D_MITTE_mR>
    <D_ZOPF_mR>166</D_ZOPF_mR>
    <D_STIRN_oR>226</D_STIRN_oR>
    <D_MITTE_oR>181</D_MITTE_oR>
    <D_ZOPF_oR>136</D_ZOPF_oR>
    <ABHOLZIGKEIT>15</ABHOLZIGKEIT>
    <KRÜMMUNG>18</KRÜMMUNG>
    <OVALITÄT>0.83</OVALITÄT>
    <RINDENSTÄRKE>15</RINDENSTÄRKE>
    <STAMMFUßHÖHE>0</STAMMFUßHÖHE>
  </Stammdaten>
  <Stammdaten>
    <STAMM_ID>54</STAMM_ID>
    <LÄNGE>5.97</LÄNGE>
    <D_STIRN_mR>296</D_STIRN_mR>
    <D_MITTE_mR>242</D_MITTE_mR>
    <D_ZOPF_mR>188</D_ZOPF_mR>
    <D_STIRN_oR>266</D_STIRN_oR>
    <D_MITTE_oR>212</D_MITTE_oR>
    <D_ZOPF_oR>158</D_ZOPF_oR>
    <ABHOLZIGKEIT>18</ABHOLZIGKEIT>
    <KRÜMMUNG>26</KRÜMMUNG>
    <OVALITÄT>0.86</OVALITÄT>
    <RINDENSTÄRKE>15</RINDENSTÄRKE>
    <STAMMFUßHÖHE>0</STAMMFUßHÖHE>
  </Stammdaten>
  <Stammdaten>
    <STAMM_ID>55</STAMM_ID>
    <LÄNGE>5.99</LÄNGE>
    <D_STIRN_mR>277</D_STIRN_mR>
    <D_MITTE_mR>214</D_MITTE_mR>
    <D_ZOPF_mR>151</D_ZOPF_mR>
    <D_STIRN_oR>247</D_STIRN_oR>
    <D_MITTE_oR>184</D_MITTE_oR>
    <D_ZOPF_oR>121</D_ZOPF_oR>
    <ABHOLZIGKEIT>21</ABHOLZIGKEIT>
    <KRÜMMUNG>13</KRÜMMUNG>
    <OVALITÄT>0.98</OVALITÄT>
    <RINDENSTÄRKE>15</RINDENSTÄRKE>
    <STAMMFUßHÖHE>0</STAMMFUßHÖHE>
  </Stammdaten>
  <Stammdaten>
    <STAMM_ID>56</STAMM_ID>
    <LÄNGE>6.06</LÄNGE>
    <D_STIRN_mR>323</D_STIRN_mR>
    <D_MITTE_mR>247</D_MITTE_mR>
    <D_ZOPF_mR>171</D_ZOPF_mR>
    <D_STIRN_oR>293</D_STIRN_oR>
    <D_MITTE_oR>217</D_MITTE_oR>
    <D_ZOPF_oR>141</D_ZOPF_oR>
    <ABHOLZIGKEIT>25</ABHOLZIGKEIT>
    <KRÜMMUNG>18</KRÜMMUNG>
    <OVALITÄT>0.95</OVALITÄT>
    <RINDENSTÄRKE>15</RINDENSTÄRKE>
    <STAMMFUßHÖHE>0</STAMMFUßHÖHE>
  </Stammdaten>
  <Stammdaten>
    <STAMM_ID>57</STAMM_ID>
    <LÄNGE>5.97</LÄNGE>
    <D_STIRN_mR>211</D_STIRN_mR>
    <D_MITTE_mR>175</D_MITTE_mR>
    <D_ZOPF_mR>139</D_ZOPF_mR>
    <D_STIRN_oR>191</D_STIRN_oR>
    <D_MITTE_oR>155</D_MITTE_oR>
    <D_ZOPF_oR>119</D_ZOPF_oR>
    <ABHOLZIGKEIT>12</ABHOLZIGKEIT>
    <KRÜMMUNG>13</KRÜMMUNG>
    <OVALITÄT>0.89</OVALITÄT>
    <RINDENSTÄRKE>10</RINDENSTÄRKE>
    <STAMMFUßHÖHE>0</STAMMFUßHÖHE>
  </Stammdaten>
  <Stammdaten>
    <STAMM_ID>58</STAMM_ID>
    <LÄNGE>5.99</LÄNGE>
    <D_STIRN_mR>285</D_STIRN_mR>
    <D_MITTE_mR>213</D_MITTE_mR>
    <D_ZOPF_mR>141</D_ZOPF_mR>
    <D_STIRN_oR>255</D_STIRN_oR>
    <D_MITTE_oR>183</D_MITTE_oR>
    <D_ZOPF_oR>111</D_ZOPF_oR>
    <ABHOLZIGKEIT>24</ABHOLZIGKEIT>
    <KRÜMMUNG>14</KRÜMMUNG>
    <OVALITÄT>0.88</OVALITÄT>
    <RINDENSTÄRKE>15</RINDENSTÄRKE>
    <STAMMFUßHÖHE>0</STAMMFUßHÖHE>
  </Stammdaten>
  <Stammdaten>
    <STAMM_ID>59</STAMM_ID>
    <LÄNGE>5.98</LÄNGE>
    <D_STIRN_mR>223</D_STIRN_mR>
    <D_MITTE_mR>181</D_MITTE_mR>
    <D_ZOPF_mR>139</D_ZOPF_mR>
    <D_STIRN_oR>203</D_STIRN_oR>
    <D_MITTE_oR>161</D_MITTE_oR>
    <D_ZOPF_oR>119</D_ZOPF_oR>
    <ABHOLZIGKEIT>14</ABHOLZIGKEIT>
    <KRÜMMUNG>21</KRÜMMUNG>
    <OVALITÄT>0.88</OVALITÄT>
    <RINDENSTÄRKE>10</RINDENSTÄRKE>
    <STAMMFUßHÖHE>0</STAMMFUßHÖHE>
  </Stammdaten>
  <Stammdaten>
    <STAMM_ID>60</STAMM_ID>
    <LÄNGE>6.06</LÄNGE>
    <D_STIRN_mR>313</D_STIRN_mR>
    <D_MITTE_mR>277</D_MITTE_mR>
    <D_ZOPF_mR>241</D_ZOPF_mR>
    <D_STIRN_oR>283</D_STIRN_oR>
    <D_MITTE_oR>247</D_MITTE_oR>
    <D_ZOPF_oR>211</D_ZOPF_oR>
    <ABHOLZIGKEIT>12</ABHOLZIGKEIT>
    <KRÜMMUNG>34</KRÜMMUNG>
    <OVALITÄT>0.92</OVALITÄT>
    <RINDENSTÄRKE>15</RINDENSTÄRKE>
    <STAMMFUßHÖHE>0</STAMMFUßHÖHE>
  </Stammdaten>
  <Stammdaten>
    <STAMM_ID>61</STAMM_ID>
    <LÄNGE>6.03</LÄNGE>
    <D_STIRN_mR>187</D_STIRN_mR>
    <D_MITTE_mR>127</D_MITTE_mR>
    <D_ZOPF_mR>67</D_ZOPF_mR>
    <D_STIRN_oR>167</D_STIRN_oR>
    <D_MITTE_oR>107</D_MITTE_oR>
    <D_ZOPF_oR>47</D_ZOPF_oR>
    <ABHOLZIGKEIT>20</ABHOLZIGKEIT>
    <KRÜMMUNG>10</KRÜMMUNG>
    <OVALITÄT>0.84</OVALITÄT>
    <RINDENSTÄRKE>10</RINDENSTÄRKE>
    <STAMMFUßHÖHE>0</STAMMFUßHÖHE>
  </Stammdaten>
  <Stammdaten>
    <STAMM_ID>62</STAMM_ID>
    <LÄNGE>6.02</LÄNGE>
    <D_STIRN_mR>320</D_STIRN_mR>
    <D_MITTE_mR>281</D_MITTE_mR>
    <D_ZOPF_mR>242</D_ZOPF_mR>
    <D_STIRN_oR>290</D_STIRN_oR>
    <D_MITTE_oR>251</D_MITTE_oR>
    <D_ZOPF_oR>212</D_ZOPF_oR>
    <ABHOLZIGKEIT>13</ABHOLZIGKEIT>
    <KRÜMMUNG>12</KRÜMMUNG>
    <OVALITÄT>0.83</OVALITÄT>
    <RINDENSTÄRKE>15</RINDENSTÄRKE>
    <STAMMFUßHÖHE>0</STAMMFUßHÖHE>
  </Stammdaten>
  <Stammdaten>
    <STAMM_ID>63</STAMM_ID>
    <LÄNGE>5.98</LÄNGE>
    <D_STIRN_mR>207</D_STIRN_mR>
    <D_MITTE_mR>168</D_MITTE_mR>
    <D_ZOPF_mR>129</D_ZOPF_mR>
    <D_STIRN_oR>187</D_STIRN_oR>
    <D_MITTE_oR>148</D_MITTE_oR>
    <D_ZOPF_oR>109</D_ZOPF_oR>
    <ABHOLZIGKEIT>13</ABHOLZIGKEIT>
    <KRÜMMUNG>14</KRÜMMUNG>
    <OVALITÄT>0.93</OVALITÄT>
    <RINDENSTÄRKE>10</RINDENSTÄRKE>
    <STAMMFUßHÖHE>0</STAMMFUßHÖHE>
  </Stammdaten>
  <Stammdaten>
    <STAMM_ID>64</STAMM_ID>
    <LÄNGE>5.97</LÄNGE>
    <D_STIRN_mR>315</D_STIRN_mR>
    <D_MITTE_mR>225</D_MITTE_mR>
    <D_ZOPF_mR>135</D_ZOPF_mR>
    <D_STIRN_oR>285</D_STIRN_oR>
    <D_MITTE_oR>195</D_MITTE_oR>
    <D_ZOPF_oR>105</D_ZOPF_oR>
    <ABHOLZIGKEIT>30</ABHOLZIGKEIT>
    <KRÜMMUNG>11</KRÜMMUNG>
    <OVALITÄT>0.94</OVALITÄT>
    <RINDENSTÄRKE>15</RINDENSTÄRKE>
    <STAMMFUßHÖHE>0</STAMMFUßHÖHE>
  </Stammdaten>
  <Stammdaten>
    <STAMM_ID>65</STAMM_ID>
    <LÄNGE>6.02</LÄNGE>
    <D_STIRN_mR>150</D_STIRN_mR>
    <D_MITTE_mR>105</D_MITTE_mR>
    <D_ZOPF_mR>60</D_ZOPF_mR>
    <D_STIRN_oR>130</D_STIRN_oR>
    <D_MITTE_oR>85</D_MITTE_oR>
    <D_ZOPF_oR>40</D_ZOPF_oR>
    <ABHOLZIGKEIT>15</ABHOLZIGKEIT>
    <KRÜMMUNG>11</KRÜMMUNG>
    <OVALITÄT>0.97</OVALITÄT>
    <RINDENSTÄRKE>10</RINDENSTÄRKE>
    <STAMMFUßHÖHE>0</STAMMFUßHÖHE>
  </Stammdaten>
  <Stammdaten>
    <STAMM_ID>66</STAMM_ID>
    <LÄNGE>5.96</LÄNGE>
    <D_STIRN_mR>184</D_STIRN_mR>
    <D_MITTE_mR>142</D_MITTE_mR>
    <D_ZOPF_mR>100</D_ZOPF_mR>
    <D_STIRN_oR>164</D_STIRN_oR>
    <D_MITTE_oR>122</D_MITTE_oR>
    <D_ZOPF_oR>80</D_ZOPF_oR>
    <ABHOLZIGKEIT>14</ABHOLZIGKEIT>
    <KRÜMMUNG>13</KRÜMMUNG>
    <OVALITÄT>0.95</OVALITÄT>
    <RINDENSTÄRKE>10</RINDENSTÄRKE>
    <STAMMFUßHÖHE>0</STAMMFUßHÖHE>
  </Stammdaten>
  <Stammdaten>
    <STAMM_ID>67</STAMM_ID>
    <LÄNGE>6.03</LÄNGE>
    <D_STIRN_mR>238</D_STIRN_mR>
    <D_MITTE_mR>175</D_MITTE_mR>
    <D_ZOPF_mR>112</D_ZOPF_mR>
    <D_STIRN_oR>218</D_STIRN_oR>
    <D_MITTE_oR>155</D_MITTE_oR>
    <D_ZOPF_oR>92</D_ZOPF_oR>
    <ABHOLZIGKEIT>21</ABHOLZIGKEIT>
    <KRÜMMUNG>33</KRÜMMUNG>
    <OVALITÄT>0.89</OVALITÄT>
    <RINDENSTÄRKE>10</RINDENSTÄRKE>
    <STAMMFUßHÖHE>0</STAMMFUßHÖHE>
  </Stammdaten>
  <Stammdaten>
    <STAMM_ID>68</STAMM_ID>
    <LÄNGE>5.94</LÄNGE>
    <D_STIRN_mR>309</D_STIRN_mR>
    <D_MITTE_mR>229</D_MITTE_mR>
    <D_ZOPF_mR>149</D_ZOPF_mR>
    <D_STIRN_oR>279</D_STIRN_oR>
    <D_MITTE_oR>199</D_MITTE_oR>
    <D_ZOPF_oR>119</D_ZOPF_oR>
    <ABHOLZIGKEIT>27</ABHOLZIGKEIT>
    <KRÜMMUNG>28</KRÜMMUNG>
    <OVALITÄT>0.85</OVALITÄT>
    <RINDENSTÄRKE>15</RINDENSTÄRKE>
    <STAMMFUßHÖHE>0</STAMMFUßHÖHE>
  </Stammdaten>
  <Stammdaten>
    <STAMM_ID>69</STAMM_ID>
    <LÄNGE>6.05</LÄNGE>
    <D_STIRN_mR>159</D_STIRN_mR>
    <D_MITTE_mR>120</D_MITTE_mR>
    <D_ZOPF_mR>81</D_ZOPF_mR>
    <D_STIRN_oR>139</D_STIRN_oR>
    <D_MITTE_oR>100</D_MITTE_oR>
    <D_ZOPF_oR>61</D_ZOPF_oR>
    <ABHOLZIGKEIT>13</ABHOLZIGKEIT>
    <KRÜMMUNG>15</KRÜMMUNG>
    <OVALITÄT>0.85</OVALITÄT>
    <RINDENSTÄRKE>10</RINDENSTÄRKE>
    <STAMMFUßHÖHE>0</STAMMFUßHÖHE>
  </Stammdaten>
  <Stammdaten>
    <STAMM_ID>70</STAMM_ID>
    <LÄNGE>6.04</LÄNGE>
    <D_STIRN_mR>148</D_STIRN_mR>
    <D_MITTE_mR>118</D_MITTE_mR>
    <D_ZOPF_mR>88</D_ZOPF_mR>
    <D_STIRN_oR>128</D_STIRN_oR>
    <D_MITTE_oR>98</D_MITTE_oR>
    <D_ZOPF_oR>68</D_ZOPF_oR>
    <ABHOLZIGKEIT>10</ABHOLZIGKEIT>
    <KRÜMMUNG>24</KRÜMMUNG>
    <OVALITÄT>0.85</OVALITÄT>
    <RINDENSTÄRKE>10</RINDENSTÄRKE>
    <STAMMFUßHÖHE>0</STAMMFUßHÖHE>
  </Stammdaten>
  <Stammdaten>
    <STAMM_ID>71</STAMM_ID>
    <LÄNGE>5.96</LÄNGE>
    <D_STIRN_mR>200</D_STIRN_mR>
    <D_MITTE_mR>137</D_MITTE_mR>
    <D_ZOPF_mR>74</D_ZOPF_mR>
    <D_STIRN_oR>180</D_STIRN_oR>
    <D_MITTE_oR>117</D_MITTE_oR>
    <D_ZOPF_oR>54</D_ZOPF_oR>
    <ABHOLZIGKEIT>21</ABHOLZIGKEIT>
    <KRÜMMUNG>33</KRÜMMUNG>
    <OVALITÄT>0.84</OVALITÄT>
    <RINDENSTÄRKE>10</RINDENSTÄRKE>
    <STAMMFUßHÖHE>0</STAMMFUßHÖHE>
  </Stammdaten>
  <Stammdaten>
    <STAMM_ID>72</STAMM_ID>
    <LÄNGE>5.98</LÄNGE>
    <D_STIRN_mR>184</D_STIRN_mR>
    <D_MITTE_mR>133</D_MITTE_mR>
    <D_ZOPF_mR>82</D_ZOPF_mR>
    <D_STIRN_oR>164</D_STIRN_oR>
    <D_MITTE_oR>113</D_MITTE_oR>
    <D_ZOPF_oR>62</D_ZOPF_oR>
    <ABHOLZIGKEIT>17</ABHOLZIGKEIT>
    <KRÜMMUNG>19</KRÜMMUNG>
    <OVALITÄT>0.91</OVALITÄT>
    <RINDENSTÄRKE>10</RINDENSTÄRKE>
    <STAMMFUßHÖHE>0</STAMMFUßHÖHE>
  </Stammdaten>
  <Stammdaten>
    <STAMM_ID>73</STAMM_ID>
    <LÄNGE>5.99</LÄNGE>
    <D_STIRN_mR>214</D_STIRN_mR>
    <D_MITTE_mR>166</D_MITTE_mR>
    <D_ZOPF_mR>118</D_ZOPF_mR>
    <D_STIRN_oR>194</D_STIRN_oR>
    <D_MITTE_oR>146</D_MITTE_oR>
    <D_ZOPF_oR>98</D_ZOPF_oR>
    <ABHOLZIGKEIT>16</ABHOLZIGKEIT>
    <KRÜMMUNG>21</KRÜMMUNG>
    <OVALITÄT>0.84</OVALITÄT>
    <RINDENSTÄRKE>10</RINDENSTÄRKE>
    <STAMMFUßHÖHE>0</STAMMFUßHÖHE>
  </Stammdaten>
  <Stammdaten>
    <STAMM_ID>74</STAMM_ID>
    <LÄNGE>6.06</LÄNGE>
    <D_STIRN_mR>225</D_STIRN_mR>
    <D_MITTE_mR>170</D_MITTE_mR>
    <D_ZOPF_mR>115</D_ZOPF_mR>
    <D_STIRN_oR>205</D_STIRN_oR>
    <D_MITTE_oR>150</D_MITTE_oR>
    <D_ZOPF_oR>95</D_ZOPF_oR>
    <ABHOLZIGKEIT>18</ABHOLZIGKEIT>
    <KRÜMMUNG>30</KRÜMMUNG>
    <OVALITÄT>0.85</OVALITÄT>
    <RINDENSTÄRKE>10</RINDENSTÄRKE>
    <STAMMFUßHÖHE>0</STAMMFUßHÖHE>
  </Stammdaten>
  <Stammdaten>
    <STAMM_ID>75</STAMM_ID>
    <LÄNGE>5.98</LÄNGE>
    <D_STIRN_mR>346</D_STIRN_mR>
    <D_MITTE_mR>298</D_MITTE_mR>
    <D_ZOPF_mR>250</D_ZOPF_mR>
    <D_STIRN_oR>316</D_STIRN_oR>
    <D_MITTE_oR>268</D_MITTE_oR>
    <D_ZOPF_oR>220</D_ZOPF_oR>
    <ABHOLZIGKEIT>16</ABHOLZIGKEIT>
    <KRÜMMUNG>13</KRÜMMUNG>
    <OVALITÄT>0.92</OVALITÄT>
    <RINDENSTÄRKE>15</RINDENSTÄRKE>
    <STAMMFUßHÖHE>0</STAMMFUßHÖHE>
  </Stammdaten>
  <Stammdaten>
    <STAMM_ID>76</STAMM_ID>
    <LÄNGE>5.96</LÄNGE>
    <D_STIRN_mR>281</D_STIRN_mR>
    <D_MITTE_mR>201</D_MITTE_mR>
    <D_ZOPF_mR>121</D_ZOPF_mR>
    <D_STIRN_oR>251</D_STIRN_oR>
    <D_MITTE_oR>171</D_MITTE_oR>
    <D_ZOPF_oR>91</D_ZOPF_oR>
    <ABHOLZIGKEIT>27</ABHOLZIGKEIT>
    <KRÜMMUNG>12</KRÜMMUNG>
    <OVALITÄT>0.81</OVALITÄT>
    <RINDENSTÄRKE>15</RINDENSTÄRKE>
    <STAMMFUßHÖHE>0</STAMMFUßHÖHE>
  </Stammdaten>
  <Stammdaten>
    <STAMM_ID>77</STAMM_ID>
    <LÄNGE>6.05</LÄNGE>
    <D_STIRN_mR>336</D_STIRN_mR>
    <D_MITTE_mR>288</D_MITTE_mR>
    <D_ZOPF_mR>240</D_ZOPF_mR>
    <D_STIRN_oR>306</D_STIRN_oR>
    <D_MITTE_oR>258</D_MITTE_oR>
    <D_ZOPF_oR>210</D_ZOPF_oR>
    <ABHOLZIGKEIT>16</ABHOLZIGKEIT>
    <KRÜMMUNG>32</KRÜMMUNG>
    <OVALITÄT>0.92</OVALITÄT>
    <RINDENSTÄRKE>15</RINDENSTÄRKE>
    <STAMMFUßHÖHE>0</STAMMFUßHÖHE>
  </Stammdaten>
  <Stammdaten>
    <STAMM_ID>78</STAMM_ID>
    <LÄNGE>6.01</LÄNGE>
    <D_STIRN_mR>202</D_STIRN_mR>
    <D_MITTE_mR>139</D_MITTE_mR>
    <D_ZOPF_mR>76</D_ZOPF_mR>
    <D_STIRN_oR>182</D_STIRN_oR>
    <D_MITTE_oR>119</D_MITTE_oR>
    <D_ZOPF_oR>56</D_ZOPF_oR>
    <ABHOLZIGKEIT>21</ABHOLZIGKEIT>
    <KRÜMMUNG>21</KRÜMMUNG>
    <OVALITÄT>0.84</OVALITÄT>
    <RINDENSTÄRKE>10</RINDENSTÄRKE>
    <STAMMFUßHÖHE>0</STAMMFUßHÖHE>
  </Stammdaten>
  <Stammdaten>
    <STAMM_ID>79</STAMM_ID>
    <LÄNGE>5.97</LÄNGE>
    <D_STIRN_mR>187</D_STIRN_mR>
    <D_MITTE_mR>130</D_MITTE_mR>
    <D_ZOPF_mR>73</D_ZOPF_mR>
    <D_STIRN_oR>167</D_STIRN_oR>
    <D_MITTE_oR>110</D_MITTE_oR>
    <D_ZOPF_oR>53</D_ZOPF_oR>
    <ABHOLZIGKEIT>19</ABHOLZIGKEIT>
    <KRÜMMUNG>19</KRÜMMUNG>
    <OVALITÄT>0.83</OVALITÄT>
    <RINDENSTÄRKE>10</RINDENSTÄRKE>
    <STAMMFUßHÖHE>0</STAMMFUßHÖHE>
  </Stammdaten>
  <Stammdaten>
    <STAMM_ID>80</STAMM_ID>
    <LÄNGE>5.97</LÄNGE>
    <D_STIRN_mR>323</D_STIRN_mR>
    <D_MITTE_mR>278</D_MITTE_mR>
    <D_ZOPF_mR>233</D_ZOPF_mR>
    <D_STIRN_oR>293</D_STIRN_oR>
    <D_MITTE_oR>248</D_MITTE_oR>
    <D_ZOPF_oR>203</D_ZOPF_oR>
    <ABHOLZIGKEIT>15</ABHOLZIGKEIT>
    <KRÜMMUNG>27</KRÜMMUNG>
    <OVALITÄT>0.87</OVALITÄT>
    <RINDENSTÄRKE>15</RINDENSTÄRKE>
    <STAMMFUßHÖHE>0</STAMMFUßHÖHE>
  </Stammdaten>
  <Stammdaten>
    <STAMM_ID>81</STAMM_ID>
    <LÄNGE>5.96</LÄNGE>
    <D_STIRN_mR>337</D_STIRN_mR>
    <D_MITTE_mR>251</D_MITTE_mR>
    <D_ZOPF_mR>165</D_ZOPF_mR>
    <D_STIRN_oR>307</D_STIRN_oR>
    <D_MITTE_oR>221</D_MITTE_oR>
    <D_ZOPF_oR>135</D_ZOPF_oR>
    <ABHOLZIGKEIT>29</ABHOLZIGKEIT>
    <KRÜMMUNG>24</KRÜMMUNG>
    <OVALITÄT>0.89</OVALITÄT>
    <RINDENSTÄRKE>15</RINDENSTÄRKE>
    <STAMMFUßHÖHE>0</STAMMFUßHÖHE>
  </Stammdaten>
  <Stammdaten>
    <STAMM_ID>82</STAMM_ID>
    <LÄNGE>6.01</LÄNGE>
    <D_STIRN_mR>321</D_STIRN_mR>
    <D_MITTE_mR>243</D_MITTE_mR>
    <D_ZOPF_mR>165</D_ZOPF_mR>
    <D_STIRN_oR>291</D_STIRN_oR>
    <D_MITTE_oR>213</D_MITTE_oR>
    <D_ZOPF_oR>135</D_ZOPF_oR>
    <ABHOLZIGKEIT>26</ABHOLZIGKEIT>
    <KRÜMMUNG>12</KRÜMMUNG>
    <OVALITÄT>0.8</OVALITÄT>
    <RINDENSTÄRKE>15</RINDENSTÄRKE>
    <STAMMFUßHÖHE>0</STAMMFUßHÖHE>
  </Stammdaten>
  <Stammdaten>
    <STAMM_ID>83</STAMM_ID>
    <LÄNGE>5.99</LÄNGE>
    <D_STIRN_mR>242</D_STIRN_mR>
    <D_MITTE_mR>197</D_MITTE_mR>
    <D_ZOPF_mR>152</D_ZOPF_mR>
    <D_STIRN_oR>222</D_STIRN_oR>
    <D_MITTE_oR>177</D_MITTE_oR>
    <D_ZOPF_oR>132</D_ZOPF_oR>
    <ABHOLZIGKEIT>15</ABHOLZIGKEIT>
    <KRÜMMUNG>12</KRÜMMUNG>
    <OVALITÄT>0.89</OVALITÄT>
    <RINDENSTÄRKE>10</RINDENSTÄRKE>
    <STAMMFUßHÖHE>0</STAMMFUßHÖHE>
  </Stammdaten>
  <Stammdaten>
    <STAMM_ID>84</STAMM_ID>
    <LÄNGE>5.98</LÄNGE>
    <D_STIRN_mR>168</D_STIRN_mR>
    <D_MITTE_mR>135</D_MITTE_mR>
    <D_ZOPF_mR>102</D_ZOPF_mR>
    <D_STIRN_oR>148</D_STIRN_oR>
    <D_MITTE_oR>115</D_MITTE_oR>
    <D_ZOPF_oR>82</D_ZOPF_oR>
    <ABHOLZIGKEIT>11</ABHOLZIGKEIT>
    <KRÜMMUNG>17</KRÜMMUNG>
    <OVALITÄT>0.81</OVALITÄT>
    <RINDENSTÄRKE>10</RINDENSTÄRKE>
    <STAMMFUßHÖHE>0</STAMMFUßHÖHE>
  </Stammdaten>
  <Stammdaten>
    <STAMM_ID>85</STAMM_ID>
    <LÄNGE>6.04</LÄNGE>
    <D_STIRN_mR>275</D_STIRN_mR>
    <D_MITTE_mR>236</D_MITTE_mR>
    <D_ZOPF_mR>197</D_ZOPF_mR>
    <D_STIRN_oR>245</D_STIRN_oR>
    <D_MITTE_oR>206</D_MITTE_oR>
    <D_ZOPF_oR>167</D_ZOPF_oR>
    <ABHOLZIGKEIT>13</ABHOLZIGKEIT>
    <KRÜMMUNG>31</KRÜMMUNG>
    <OVALITÄT>0.92</OVALITÄT>
    <RINDENSTÄRKE>15</RINDENSTÄRKE>
    <STAMMFUßHÖHE>0</STAMMFUßHÖHE>
  </Stammdaten>
  <Stammdaten>
    <STAMM_ID>86</STAMM_ID>
    <LÄNGE>6.05</LÄNGE>
    <D_STIRN_mR>153</D_STIRN_mR>
    <D_MITTE_mR>108</D_MITTE_mR>
    <D_ZOPF_mR>63</D_ZOPF_mR>
    <D_STIRN_oR>133</D_STIRN_oR>
    <D_MITTE_oR>88</D_MITTE_oR>
    <D_ZOPF_oR>43</D_ZOPF_oR>
    <ABHOLZIGKEIT>15</ABHOLZIGKEIT>
    <KRÜMMUNG>34</KRÜMMUNG>
    <OVALITÄT>0.94</OVALITÄT>
    <RINDENSTÄRKE>10</RINDENSTÄRKE>
    <STAMMFUßHÖHE>0</STAMMFUßHÖHE>
  </Stammdaten>
  <Stammdaten>
    <STAMM_ID>87</STAMM_ID>
    <LÄNGE>6</LÄNGE>
    <D_STIRN_mR>226</D_STIRN_mR>
    <D_MITTE_mR>184</D_MITTE_mR>
    <D_ZOPF_mR>142</D_ZOPF_mR>
    <D_STIRN_oR>206</D_STIRN_oR>
    <D_MITTE_oR>164</D_MITTE_oR>
    <D_ZOPF_oR>122</D_ZOPF_oR>
    <ABHOLZIGKEIT>14</ABHOLZIGKEIT>
    <KRÜMMUNG>28</KRÜMMUNG>
    <OVALITÄT>0.95</OVALITÄT>
    <RINDENSTÄRKE>10</RINDENSTÄRKE>
    <STAMMFUßHÖHE>0</STAMMFUßHÖHE>
  </Stammdaten>
  <Stammdaten>
    <STAMM_ID>88</STAMM_ID>
    <LÄNGE>5.96</LÄNGE>
    <D_STIRN_mR>165</D_STIRN_mR>
    <D_MITTE_mR>117</D_MITTE_mR>
    <D_ZOPF_mR>69</D_ZOPF_mR>
    <D_STIRN_oR>145</D_STIRN_oR>
    <D_MITTE_oR>97</D_MITTE_oR>
    <D_ZOPF_oR>49</D_ZOPF_oR>
    <ABHOLZIGKEIT>16</ABHOLZIGKEIT>
    <KRÜMMUNG>22</KRÜMMUNG>
    <OVALITÄT>0.93</OVALITÄT>
    <RINDENSTÄRKE>10</RINDENSTÄRKE>
    <STAMMFUßHÖHE>0</STAMMFUßHÖHE>
  </Stammdaten>
  <Stammdaten>
    <STAMM_ID>89</STAMM_ID>
    <LÄNGE>6.02</LÄNGE>
    <D_STIRN_mR>159</D_STIRN_mR>
    <D_MITTE_mR>105</D_MITTE_mR>
    <D_ZOPF_mR>51</D_ZOPF_mR>
    <D_STIRN_oR>139</D_STIRN_oR>
    <D_MITTE_oR>85</D_MITTE_oR>
    <D_ZOPF_oR>31</D_ZOPF_oR>
    <ABHOLZIGKEIT>18</ABHOLZIGKEIT>
    <KRÜMMUNG>30</KRÜMMUNG>
    <OVALITÄT>0.96</OVALITÄT>
    <RINDENSTÄRKE>10</RINDENSTÄRKE>
    <STAMMFUßHÖHE>0</STAMMFUßHÖHE>
  </Stammdaten>
  <Stammdaten>
    <STAMM_ID>90</STAMM_ID>
    <LÄNGE>6.04</LÄNGE>
    <D_STIRN_mR>321</D_STIRN_mR>
    <D_MITTE_mR>252</D_MITTE_mR>
    <D_ZOPF_mR>183</D_ZOPF_mR>
    <D_STIRN_oR>291</D_STIRN_oR>
    <D_MITTE_oR>222</D_MITTE_oR>
    <D_ZOPF_oR>153</D_ZOPF_oR>
    <ABHOLZIGKEIT>23</ABHOLZIGKEIT>
    <KRÜMMUNG>14</KRÜMMUNG>
    <OVALITÄT>0.9</OVALITÄT>
    <RINDENSTÄRKE>15</RINDENSTÄRKE>
    <STAMMFUßHÖHE>0</STAMMFUßHÖHE>
  </Stammdaten>
  <Stammdaten>
    <STAMM_ID>91</STAMM_ID>
    <LÄNGE>6.04</LÄNGE>
    <D_STIRN_mR>172</D_STIRN_mR>
    <D_MITTE_mR>103</D_MITTE_mR>
    <D_ZOPF_mR>34</D_ZOPF_mR>
    <D_STIRN_oR>152</D_STIRN_oR>
    <D_MITTE_oR>83</D_MITTE_oR>
    <D_ZOPF_oR>14</D_ZOPF_oR>
    <ABHOLZIGKEIT>23</ABHOLZIGKEIT>
    <KRÜMMUNG>20</KRÜMMUNG>
    <OVALITÄT>0.94</OVALITÄT>
    <RINDENSTÄRKE>10</RINDENSTÄRKE>
    <STAMMFUßHÖHE>0</STAMMFUßHÖHE>
  </Stammdaten>
  <Stammdaten>
    <STAMM_ID>92</STAMM_ID>
    <LÄNGE>5.94</LÄNGE>
    <D_STIRN_mR>323</D_STIRN_mR>
    <D_MITTE_mR>261</D_MITTE_mR>
    <D_ZOPF_mR>199</D_ZOPF_mR>
    <D_STIRN_oR>293</D_STIRN_oR>
    <D_MITTE_oR>231</D_MITTE_oR>
    <D_ZOPF_oR>169</D_ZOPF_oR>
    <ABHOLZIGKEIT>21</ABHOLZIGKEIT>
    <KRÜMMUNG>14</KRÜMMUNG>
    <OVALITÄT>0.96</OVALITÄT>
    <RINDENSTÄRKE>15</RINDENSTÄRKE>
    <STAMMFUßHÖHE>0</STAMMFUßHÖHE>
  </Stammdaten>
  <Stammdaten>
    <STAMM_ID>93</STAMM_ID>
    <LÄNGE>6.01</LÄNGE>
    <D_STIRN_mR>274</D_STIRN_mR>
    <D_MITTE_mR>229</D_MITTE_mR>
    <D_ZOPF_mR>184</D_ZOPF_mR>
    <D_STIRN_oR>244</D_STIRN_oR>
    <D_MITTE_oR>199</D_MITTE_oR>
    <D_ZOPF_oR>154</D_ZOPF_oR>
    <ABHOLZIGKEIT>15</ABHOLZIGKEIT>
    <KRÜMMUNG>19</KRÜMMUNG>
    <OVALITÄT>0.95</OVALITÄT>
    <RINDENSTÄRKE>15</RINDENSTÄRKE>
    <STAMMFUßHÖHE>0</STAMMFUßHÖHE>
  </Stammdaten>
  <Stammdaten>
    <STAMM_ID>94</STAMM_ID>
    <LÄNGE>6.01</LÄNGE>
    <D_STIRN_mR>231</D_STIRN_mR>
    <D_MITTE_mR>189</D_MITTE_mR>
    <D_ZOPF_mR>147</D_ZOPF_mR>
    <D_STIRN_oR>211</D_STIRN_oR>
    <D_MITTE_oR>169</D_MITTE_oR>
    <D_ZOPF_oR>127</D_ZOPF_oR>
    <ABHOLZIGKEIT>14</ABHOLZIGKEIT>
    <KRÜMMUNG>20</KRÜMMUNG>
    <OVALITÄT>0.84</OVALITÄT>
    <RINDENSTÄRKE>10</RINDENSTÄRKE>
    <STAMMFUßHÖHE>0</STAMMFUßHÖHE>
  </Stammdaten>
  <Stammdaten>
    <STAMM_ID>95</STAMM_ID>
    <LÄNGE>5.94</LÄNGE>
    <D_STIRN_mR>199</D_STIRN_mR>
    <D_MITTE_mR>131</D_MITTE_mR>
    <D_ZOPF_mR>63</D_ZOPF_mR>
    <D_STIRN_oR>179</D_STIRN_oR>
    <D_MITTE_oR>111</D_MITTE_oR>
    <D_ZOPF_oR>43</D_ZOPF_oR>
    <ABHOLZIGKEIT>23</ABHOLZIGKEIT>
    <KRÜMMUNG>32</KRÜMMUNG>
    <OVALITÄT>0.94</OVALITÄT>
    <RINDENSTÄRKE>10</RINDENSTÄRKE>
    <STAMMFUßHÖHE>0</STAMMFUßHÖHE>
  </Stammdaten>
  <Stammdaten>
    <STAMM_ID>96</STAMM_ID>
    <LÄNGE>6</LÄNGE>
    <D_STIRN_mR>285</D_STIRN_mR>
    <D_MITTE_mR>225</D_MITTE_mR>
    <D_ZOPF_mR>165</D_ZOPF_mR>
    <D_STIRN_oR>255</D_STIRN_oR>
    <D_MITTE_oR>195</D_MITTE_oR>
    <D_ZOPF_oR>135</D_ZOPF_oR>
    <ABHOLZIGKEIT>20</ABHOLZIGKEIT>
    <KRÜMMUNG>13</KRÜMMUNG>
    <OVALITÄT>0.97</OVALITÄT>
    <RINDENSTÄRKE>15</RINDENSTÄRKE>
    <STAMMFUßHÖHE>0</STAMMFUßHÖHE>
  </Stammdaten>
  <Stammdaten>
    <STAMM_ID>97</STAMM_ID>
    <LÄNGE>5.96</LÄNGE>
    <D_STIRN_mR>261</D_STIRN_mR>
    <D_MITTE_mR>213</D_MITTE_mR>
    <D_ZOPF_mR>165</D_ZOPF_mR>
    <D_STIRN_oR>231</D_STIRN_oR>
    <D_MITTE_oR>183</D_MITTE_oR>
    <D_ZOPF_oR>135</D_ZOPF_oR>
    <ABHOLZIGKEIT>16</ABHOLZIGKEIT>
    <KRÜMMUNG>12</KRÜMMUNG>
    <OVALITÄT>1</OVALITÄT>
    <RINDENSTÄRKE>15</RINDENSTÄRKE>
    <STAMMFUßHÖHE>0</STAMMFUßHÖHE>
  </Stammdaten>
  <Stammdaten>
    <STAMM_ID>98</STAMM_ID>
    <LÄNGE>5.94</LÄNGE>
    <D_STIRN_mR>190</D_STIRN_mR>
    <D_MITTE_mR>154</D_MITTE_mR>
    <D_ZOPF_mR>118</D_ZOPF_mR>
    <D_STIRN_oR>170</D_STIRN_oR>
    <D_MITTE_oR>134</D_MITTE_oR>
    <D_ZOPF_oR>98</D_ZOPF_oR>
    <ABHOLZIGKEIT>12</ABHOLZIGKEIT>
    <KRÜMMUNG>21</KRÜMMUNG>
    <OVALITÄT>0.97</OVALITÄT>
    <RINDENSTÄRKE>10</RINDENSTÄRKE>
    <STAMMFUßHÖHE>0</STAMMFUßHÖHE>
  </Stammdaten>
  <Stammdaten>
    <STAMM_ID>99</STAMM_ID>
    <LÄNGE>6.03</LÄNGE>
    <D_STIRN_mR>301</D_STIRN_mR>
    <D_MITTE_mR>244</D_MITTE_mR>
    <D_ZOPF_mR>187</D_ZOPF_mR>
    <D_STIRN_oR>271</D_STIRN_oR>
    <D_MITTE_oR>214</D_MITTE_oR>
    <D_ZOPF_oR>157</D_ZOPF_oR>
    <ABHOLZIGKEIT>19</ABHOLZIGKEIT>
    <KRÜMMUNG>18</KRÜMMUNG>
    <OVALITÄT>0.84</OVALITÄT>
    <RINDENSTÄRKE>15</RINDENSTÄRKE>
    <STAMMFUßHÖHE>0</STAMMFUßHÖHE>
  </Stammdaten>
  <Stammdaten>
    <STAMM_ID>100</STAMM_ID>
    <LÄNGE>6.06</LÄNGE>
    <D_STIRN_mR>185</D_STIRN_mR>
    <D_MITTE_mR>152</D_MITTE_mR>
    <D_ZOPF_mR>119</D_ZOPF_mR>
    <D_STIRN_oR>165</D_STIRN_oR>
    <D_MITTE_oR>132</D_MITTE_oR>
    <D_ZOPF_oR>99</D_ZOPF_oR>
    <ABHOLZIGKEIT>11</ABHOLZIGKEIT>
    <KRÜMMUNG>17</KRÜMMUNG>
    <OVALITÄT>0.89</OVALITÄT>
    <RINDENSTÄRKE>10</RINDENSTÄRKE>
    <STAMMFUßHÖHE>0</STAMMFUßHÖHE>
  </Stammdaten>
</DocumentElement>